<html>
<body>
<pre>
<h1>µVision Build Log</h1>
<h2>Tool Versions:</h2>
IDE-Version: ¦ÌVision V5.33.0.0
Copyright (C) 2020 ARM Ltd and ARM Germany GmbH. All rights reserved.
License Information: mark,  , LIC=GMZI6-DKNFN-LQ90Q-NWLV9-AWNZ5-S12TP
 
Tool Versions:
Toolchain:       MDK-ARM Plus  Version: 5.33.0.0
Toolchain Path:  D:\Keil_v5\ARM\ARMCC\Bin
C Compiler:      Armcc.exe V5.06 update 7 (build 960)
Assembler:       Armasm.exe V5.06 update 7 (build 960)
Linker/Locator:  ArmLink.exe V5.06 update 7 (build 960)
Library Manager: ArmAr.exe V5.06 update 7 (build 960)
Hex Converter:   FromElf.exe V5.06 update 7 (build 960)
CPU DLL:         SARMCM3.DLL V5.33.0.0
Dialog DLL:      DCM.DLL V1.17.3.0
Target DLL:      CMSIS_AGDI.dll V1.32.12.0
Dialog DLL:      TCM.DLL V1.48.0.0
 
<h2>Project:</h2>
D:\ECEA_PROJECT\Work4\Project\Work4.uvprojx
Project File Date:  08/29/2024

<h2>Output:</h2>
*** Using Compiler 'V5.06 update 7 (build 960)', folder: 'D:\Keil_v5\ARM\ARMCC\Bin'
Rebuild target 'Target 1'
Note: source file '..\User\led\bsp_led.c' - object file renamed from '..\Output\bsp_led.o' to '..\Output\bsp_led_1.o'.
Note: source file '..\User\beep.c' - object file renamed from '..\Output\beep.o' to '..\Output\beep_1.o'.
Note: source file '..\User\bsp_key.c' - object file renamed from '..\Output\bsp_key.o' to '..\Output\bsp_key_1.o'.
Note: source file '..\User\bsp_systick.c' - object file renamed from '..\Output\bsp_systick.o' to '..\Output\bsp_systick_1.o'.
Note: source file '..\User\bsp_usart.c' - object file renamed from '..\Output\bsp_usart.o' to '..\Output\bsp_usart_1.o'.
Note: source file '..\User\main.c' - object file renamed from '..\Output\main.o' to '..\Output\main_1.o'.
Note: source file '..\User\stm32f10x_it.c' - object file renamed from '..\Output\stm32f10x_it.o' to '..\Output\stm32f10x_it_1.o'.
assembling startup_stm32f10x_hd.s...
compiling core_cm3.c...
compiling misc.c...
compiling stm32f10x_dbgmcu.c...
compiling system_stm32f10x.c...
compiling stm32f10x_crc.c...
compiling stm32f10x_bkp.c...
compiling stm32f10x_dac.c...
compiling stm32f10x_cec.c...
compiling stm32f10x_adc.c...
compiling stm32f10x_dma.c...
compiling stm32f10x_can.c...
compiling stm32f10x_exti.c...
compiling stm32f10x_gpio.c...
compiling stm32f10x_rtc.c...
compiling stm32f10x_rcc.c...
compiling stm32f10x_pwr.c...
compiling stm32f10x_fsmc.c...
compiling stm32f10x_spi.c...
compiling stm32f10x_i2c.c...
compiling stm32f10x_iwdg.c...
compiling stm32f10x_sdio.c...
compiling stm32f10x_flash.c...
compiling stm32f10x_tim.c...
compiling bsp_led.c...
compiling beep.c...
compiling bsp_systick.c...
compiling bsp_key.c...
compiling main.c...
compiling bsp_usart.c...
compiling stm32f10x_it.c...
compiling stm32f10x_wwdg.c...
compiling stm32f10x_usart.c...
linking...
Program Size: Code=2104 RO-data=336 RW-data=20 ZI-data=1028  
FromELF: creating hex file...
"..\Output\Work4.axf" - 0 Error(s), 0 Warning(s).

<h2>Software Packages used:</h2>

Package Vendor: Keil
                http://www.keil.com/pack/Keil.STM32F1xx_DFP.2.0.0.pack
                Keil.STM32F1xx_DFP.2.0.0
                STMicroelectronics STM32F1 Series Device Support, Drivers and Examples

<h2>Collection of Component include folders:</h2>
  D:\Keil_v5\Arm\Packs\Keil\STM32F1xx_DFP\2.0.0\Device\Include

<h2>Collection of Component Files used:</h2>
Build Time Elapsed:  00:00:03
</pre>
</body>
</html>
